// Vitest Snapshot v1, https://vitest.dev/guide/snapshot.html

exports[`extendSwatches > multiple swatches 1`] = `
{
  "accent": {
    "100": {
      "dark": {
        "chroma": 0,
        "hue": 321,
        "lightness": 0,
      },
      "light": {
        "chroma": 0,
        "hue": 321,
        "lightness": 0,
      },
    },
    "200": {
      "dark": {
        "chroma": 0,
        "hue": 321,
        "lightness": 0,
      },
      "light": {
        "chroma": 0,
        "hue": 321,
        "lightness": 0,
      },
    },
    "300": {
      "dark": {
        "chroma": 0,
        "hue": 321,
        "lightness": 0,
      },
      "light": {
        "chroma": 0,
        "hue": 321,
        "lightness": 0,
      },
    },
    "400": {
      "dark": {
        "chroma": 0,
        "hue": 321,
        "lightness": 0,
      },
      "light": {
        "chroma": 0,
        "hue": 321,
        "lightness": 0,
      },
    },
    "500": {
      "dark": {
        "chroma": 0,
        "hue": 321,
        "lightness": 0,
      },
      "light": {
        "chroma": 0,
        "hue": 321,
        "lightness": 0,
      },
    },
    "600": {
      "dark": {
        "chroma": 0,
        "hue": 321,
        "lightness": 0,
      },
      "light": {
        "chroma": 0,
        "hue": 321,
        "lightness": 0,
      },
    },
    "700": {
      "dark": {
        "chroma": 0,
        "hue": 321,
        "lightness": 0,
      },
      "light": {
        "chroma": 0,
        "hue": 321,
        "lightness": 0,
      },
    },
    "800": {
      "dark": {
        "chroma": 0,
        "hue": 321,
        "lightness": 0,
      },
      "light": {
        "chroma": 0,
        "hue": 321,
        "lightness": 0,
      },
    },
    "900": {
      "dark": {
        "chroma": 0,
        "hue": 321,
        "lightness": 0,
      },
      "light": {
        "chroma": 0,
        "hue": 321,
        "lightness": 0,
      },
    },
  },
  "primary": {
    "100": {
      "dark": {
        "chroma": 0,
        "hue": 123,
        "lightness": 0,
      },
      "light": {
        "chroma": 0,
        "hue": 123,
        "lightness": 0,
      },
    },
    "200": {
      "dark": {
        "chroma": 0,
        "hue": 123,
        "lightness": 0,
      },
      "light": {
        "chroma": 0,
        "hue": 123,
        "lightness": 0,
      },
    },
    "300": {
      "dark": {
        "chroma": 0,
        "hue": 123,
        "lightness": 0,
      },
      "light": {
        "chroma": 0,
        "hue": 123,
        "lightness": 0,
      },
    },
    "400": {
      "dark": {
        "chroma": 0,
        "hue": 123,
        "lightness": 0,
      },
      "light": {
        "chroma": 0,
        "hue": 123,
        "lightness": 0,
      },
    },
    "500": {
      "dark": {
        "chroma": 0,
        "hue": 123,
        "lightness": 0,
      },
      "light": {
        "chroma": 0,
        "hue": 123,
        "lightness": 0,
      },
    },
    "600": {
      "dark": {
        "chroma": 0,
        "hue": 123,
        "lightness": 0,
      },
      "light": {
        "chroma": 0,
        "hue": 123,
        "lightness": 0,
      },
    },
    "700": {
      "dark": {
        "chroma": 0,
        "hue": 123,
        "lightness": 0,
      },
      "light": {
        "chroma": 0,
        "hue": 123,
        "lightness": 0,
      },
    },
    "800": {
      "dark": {
        "chroma": 0,
        "hue": 123,
        "lightness": 0,
      },
      "light": {
        "chroma": 0,
        "hue": 123,
        "lightness": 0,
      },
    },
    "900": {
      "dark": {
        "chroma": 0,
        "hue": 123,
        "lightness": 0,
      },
      "light": {
        "chroma": 0,
        "hue": 123,
        "lightness": 0,
      },
    },
  },
}
`;

exports[`extendSwatches > single swatch 1`] = `
{
  "primary": {
    "100": {
      "dark": {
        "chroma": 0,
        "hue": 123,
        "lightness": 0,
      },
      "light": {
        "chroma": 0,
        "hue": 123,
        "lightness": 0,
      },
    },
    "200": {
      "dark": {
        "chroma": 0,
        "hue": 123,
        "lightness": 0,
      },
      "light": {
        "chroma": 0,
        "hue": 123,
        "lightness": 0,
      },
    },
    "300": {
      "dark": {
        "chroma": 0,
        "hue": 123,
        "lightness": 0,
      },
      "light": {
        "chroma": 0,
        "hue": 123,
        "lightness": 0,
      },
    },
    "400": {
      "dark": {
        "chroma": 0,
        "hue": 123,
        "lightness": 0,
      },
      "light": {
        "chroma": 0,
        "hue": 123,
        "lightness": 0,
      },
    },
    "500": {
      "dark": {
        "chroma": 0,
        "hue": 123,
        "lightness": 0,
      },
      "light": {
        "chroma": 0,
        "hue": 123,
        "lightness": 0,
      },
    },
    "600": {
      "dark": {
        "chroma": 0,
        "hue": 123,
        "lightness": 0,
      },
      "light": {
        "chroma": 0,
        "hue": 123,
        "lightness": 0,
      },
    },
    "700": {
      "dark": {
        "chroma": 0,
        "hue": 123,
        "lightness": 0,
      },
      "light": {
        "chroma": 0,
        "hue": 123,
        "lightness": 0,
      },
    },
    "800": {
      "dark": {
        "chroma": 0,
        "hue": 123,
        "lightness": 0,
      },
      "light": {
        "chroma": 0,
        "hue": 123,
        "lightness": 0,
      },
    },
    "900": {
      "dark": {
        "chroma": 0,
        "hue": 123,
        "lightness": 0,
      },
      "light": {
        "chroma": 0,
        "hue": 123,
        "lightness": 0,
      },
    },
  },
}
`;
